[{"stream_name":"stdout","time":1.341351684,"data":"+ /usr/bin/python3 -m pip install -q vizdoom==1.3.0 gymnasium==1.3.0 opencv-python-headless\n"}
,{"stream_name":"stdout","time":7.080486521,"data":"   ━━━━━━━━━━━━━━━━━━━━━━━━━━━━━━━━━━━━━━━━ 38.9/38.9 MB 55.4 MB/s eta 0:00:00\n"}
,{"stream_name":"stdout","time":7.154776055,"data":"   ━━━━━━━━━━━━━━━━━━━━━━━━━━━━━━━━━━━━━━━━ 953.9/953.9 kB 14.7 MB/s eta 0:00:00\n"}
,{"stream_name":"stdout","time":7.272895107,"data":"   ━━━━━━━━━━━━━━━━━━━━━━━━━━━━━━━━━━━━━━━━ 12.1/12.1 MB 104.3 MB/s eta 0:00:00\n"}
,{"stream_name":"stderr","time":11.599906236,"data":"ERROR: pip's dependency resolver does not currently take into account all the packages that are installed. This behaviour is the source of the following dependency conflicts.\n"}
,{"stream_name":"stderr","time":11.599986793,"data":"kaggle-environments 1.29.3 requires gymnasium==1.2.0, but you have gymnasium 1.3.0 which is incompatible.\n"}
,{"stream_name":"stderr","time":11.599994283000001,"data":"dopamine-rl 4.1.2 requires gym\u003c=0.25.2, but you have gym 0.26.2 which is incompatible.\n"}
,{"stream_name":"stdout","time":12.286041487,"data":"teacher files: ['perception_jev.pt', 'perception_teacher.json', 'proxy.pt', 'teacher.json']\n"}
,{"stream_name":"stdout","time":12.3131059,"data":"+ /usr/bin/python3 -u scripts/run_queue.py experiments/configs/plan_kaggle_lane1.json --n-envs 12\n"}
,{"stream_name":"stdout","time":12.396928257999999,"data":"[1/3] start /kaggle/working/repo/runs/train/defend_the_center/bc_ppo_s0\n"}
,{"stream_name":"stdout","time":25.359539815,"data":"[1/3] FAILED rc=1 /kaggle/working/repo/runs/train/defend_the_center/bc_ppo_s0 in 0.2 min\n"}
,{"stream_name":"stdout","time":25.359712328,"data":"[2/3] start /kaggle/working/repo/runs/train/defend_the_center/bc_ppo_s1\n"}
,{"stream_name":"stdout","time":27.651625528,"data":"[2/3] FAILED rc=1 /kaggle/working/repo/runs/train/defend_the_center/bc_ppo_s1 in 0.0 min\n"}
,{"stream_name":"stdout","time":27.65187309,"data":"[3/3] start /kaggle/working/repo/runs/train/defend_the_center/bc_ppo_s2\n"}
,{"stream_name":"stdout","time":29.93920699,"data":"[3/3] FAILED rc=1 /kaggle/working/repo/runs/train/defend_the_center/bc_ppo_s2 in 0.0 min\n"}
,{"stream_name":"stderr","time":32.36032742,"data":"/usr/local/lib/python3.12/dist-packages/mistune.py:435: SyntaxWarning: invalid escape sequence '\\|'\n"}
,{"stream_name":"stderr","time":32.3603565,"data":"  cells[i][c] = re.sub('\\\\\\\\\\|', '|', cell)\n"}
,{"stream_name":"stderr","time":32.775194152,"data":"/usr/local/lib/python3.12/dist-packages/nbconvert/filters/filter_links.py:36: SyntaxWarning: invalid escape sequence '\\_'\n"}
,{"stream_name":"stderr","time":32.775224075,"data":"  text = re.sub(r'_', '\\_', text) # Escape underscores in display text\n"}
,{"stream_name":"stderr","time":33.458003663,"data":"[NbConvertApp] Converting notebook __script__.ipynb to html\n"}
,{"stream_name":"stderr","time":35.068525406,"data":"[NbConvertApp] Writing 281888 bytes to __results__.html\n"}
]