[{"stream_name":"stdout","time":1.5194715300000001,"data":"+ /usr/bin/python3 -m pip install -q vizdoom==1.3.0 gymnasium==1.3.0 opencv-python-headless\n"}
,{"stream_name":"stdout","time":8.102558462,"data":"   ━━━━━━━━━━━━━━━━━━━━━━━━━━━━━━━━━━━━━━━━ 38.9/38.9 MB 48.1 MB/s eta 0:00:00\n"}
,{"stream_name":"stdout","time":8.146269172,"data":"   ━━━━━━━━━━━━━━━━━━━━━━━━━━━━━━━━━━━━━━━━ 953.9/953.9 kB 41.9 MB/s eta 0:00:00\n"}
,{"stream_name":"stdout","time":8.269054126,"data":"   ━━━━━━━━━━━━━━━━━━━━━━━━━━━━━━━━━━━━━━━━ 12.1/12.1 MB 105.0 MB/s eta 0:00:00\n"}
,{"stream_name":"stderr","time":12.690938062,"data":"ERROR: pip's dependency resolver does not currently take into account all the packages that are installed. This behaviour is the source of the following dependency conflicts.\n"}
,{"stream_name":"stderr","time":12.690985121,"data":"kaggle-environments 1.29.3 requires gymnasium==1.2.0, but you have gymnasium 1.3.0 which is incompatible.\n"}
,{"stream_name":"stderr","time":12.690991659,"data":"dopamine-rl 4.1.2 requires gym\u003c=0.25.2, but you have gym 0.26.2 which is incompatible.\n"}
,{"stream_name":"stdout","time":13.304710008,"data":"+ /usr/bin/python3 -u scripts/run_queue.py experiments/configs/plan_kaggle_ppo.json --n-envs 12\n"}
,{"stream_name":"stdout","time":13.394339944,"data":"[1/3] start /kaggle/working/repo/runs/train/defend_the_center/ppo_s0\n"}
,{"stream_name":"stdout","time":1605.354259589,"data":"[1/3] ok /kaggle/working/repo/runs/train/defend_the_center/ppo_s0 in 26.5 min\n"}
,{"stream_name":"stdout","time":1605.354324568,"data":"[2/3] start /kaggle/working/repo/runs/train/defend_the_center/ppo_s1\n"}
,{"stream_name":"stdout","time":3177.607166122,"data":"[2/3] ok /kaggle/working/repo/runs/train/defend_the_center/ppo_s1 in 26.2 min\n"}
,{"stream_name":"stdout","time":3177.607473283,"data":"[3/3] start /kaggle/working/repo/runs/train/defend_the_center/ppo_s2\n"}
,{"stream_name":"stdout","time":4754.433474968,"data":"[3/3] ok /kaggle/working/repo/runs/train/defend_the_center/ppo_s2 in 26.3 min\n"}
,{"stream_name":"stderr","time":4757.142312042,"data":"/usr/local/lib/python3.12/dist-packages/mistune.py:435: SyntaxWarning: invalid escape sequence '\\|'\n"}
,{"stream_name":"stderr","time":4757.14234322,"data":"  cells[i][c] = re.sub('\\\\\\\\\\|', '|', cell)\n"}
,{"stream_name":"stderr","time":4757.644302181,"data":"/usr/local/lib/python3.12/dist-packages/nbconvert/filters/filter_links.py:36: SyntaxWarning: invalid escape sequence '\\_'\n"}
,{"stream_name":"stderr","time":4757.644324669,"data":"  text = re.sub(r'_', '\\_', text) # Escape underscores in display text\n"}
,{"stream_name":"stderr","time":4758.371935847,"data":"[NbConvertApp] Converting notebook __script__.ipynb to html\n"}
,{"stream_name":"stderr","time":4760.020102221,"data":"[NbConvertApp] Writing 279685 bytes to __results__.html\n"}
]