[{"stream_name":"stdout","time":0.837628071,"data":"+ /usr/bin/python3 -m pip install -q vizdoom==1.3.0 gymnasium==1.3.0 opencv-python-headless\n"}
,{"stream_name":"stdout","time":5.668575529,"data":"   ━━━━━━━━━━━━━━━━━━━━━━━━━━━━━━━━━━━━━━━━ 38.9/38.9 MB 47.4 MB/s eta 0:00:00\n"}
,{"stream_name":"stdout","time":5.70583256,"data":"   ━━━━━━━━━━━━━━━━━━━━━━━━━━━━━━━━━━━━━━━━ 953.9/953.9 kB 39.5 MB/s eta 0:00:00\n"}
,{"stream_name":"stdout","time":5.842370607,"data":"   ━━━━━━━━━━━━━━━━━━━━━━━━━━━━━━━━━━━━━━━━ 12.1/12.1 MB 91.4 MB/s eta 0:00:00\n"}
,{"stream_name":"stderr","time":11.66246498,"data":"ERROR: pip's dependency resolver does not currently take into account all the packages that are installed. This behaviour is the source of the following dependency conflicts.\n"}
,{"stream_name":"stderr","time":11.662532701,"data":"kaggle-environments 1.29.3 requires gymnasium==1.2.0, but you have gymnasium 1.3.0 which is incompatible.\n"}
,{"stream_name":"stderr","time":11.66253989,"data":"dopamine-rl 4.1.2 requires gym\u003c=0.25.2, but you have gym 0.26.2 which is incompatible.\n"}
,{"stream_name":"stdout","time":11.996462318,"data":"+ nproc; free -g | head -2; python -c 'import torch;print(torch.__version__, torch.get_num_threads())'\n"}
,{"stream_name":"stdout","time":12.001360348,"data":"4\n"}
,{"stream_name":"stdout","time":12.023305999,"data":"               total        used        free      shared  buff/cache   available\n"}
,{"stream_name":"stdout","time":12.023339453,"data":"Mem:              31           0          28           0           2          30\n"}
,{"stream_name":"stdout","time":15.943531389,"data":"2.10.0+cpu 2\n"}
,{"stream_name":"stdout","time":16.382573637,"data":"+ /usr/bin/python3 -u scripts/train.py --method ppo --scenario dtc --steps 60000 --seed 0 --n-envs 4 --device cpu --out /kaggle/working/bench_n4\n"}
,{"stream_name":"stdout","time":37.655118328,"data":"[defend_the_center s0] step         0 eval     1.25 +-0.30 p_T 0.00 sps 0\n"}
,{"stream_name":"stderr","time":39.317210445,"data":"/kaggle/working/repo/reflexrl/rl/ppo.py:274: UserWarning: Converting a tensor with requires_grad=True to a scalar may lead to unexpected behavior.\n"}
,{"stream_name":"stderr","time":39.31725273,"data":"Consider using tensor.detach() first. (Triggered internally at /pytorch/torch/csrc/autograd/generated/python_variable_methods.cpp:836.)\n"}
,{"stream_name":"stderr","time":39.317260083,"data":"  out[\"pg\"] += float(pg) / (cfg.epochs * cfg.minibatches)\n"}
,{"stream_name":"stdout","time":557.166846185,"data":"[defend_the_center s0] step    50,176 eval     3.44 +-0.26 p_T 0.00 sps 95\n"}
,{"stream_name":"stdout","time":671.307901987,"data":"done -\u003e /kaggle/working/bench_n4/defend_the_center/ppo_s0\n"}
,{"stream_name":"stdout","time":672.162139189,"data":"BENCH n_envs=4: 91 steps/s incl. startup+evals\n"}
,{"stream_name":"stdout","time":672.162181172,"data":"+ /usr/bin/python3 -u scripts/train.py --method ppo --scenario dtc --steps 60000 --seed 0 --n-envs 8 --device cpu --out /kaggle/working/bench_n8\n"}
,{"stream_name":"stdout","time":691.225601385,"data":"[defend_the_center s0] step         0 eval     1.25 +-0.30 p_T 0.00 sps 0\n"}
,{"stream_name":"stderr","time":694.03294783,"data":"/kaggle/working/repo/reflexrl/rl/ppo.py:274: UserWarning: Converting a tensor with requires_grad=True to a scalar may lead to unexpected behavior.\n"}
,{"stream_name":"stderr","time":694.032991403,"data":"Consider using tensor.detach() first. (Triggered internally at /pytorch/torch/csrc/autograd/generated/python_variable_methods.cpp:836.)\n"}
,{"stream_name":"stderr","time":694.033016842,"data":"  out[\"pg\"] += float(pg) / (cfg.epochs * cfg.minibatches)\n"}
,{"stream_name":"stdout","time":1162.64779862,"data":"[defend_the_center s0] step    50,176 eval     2.69 +-0.24 p_T 0.00 sps 105\n"}
,{"stream_name":"stdout","time":1270.731195348,"data":"done -\u003e /kaggle/working/bench_n8/defend_the_center/ppo_s0\n"}
,{"stream_name":"stdout","time":1271.498795396,"data":"BENCH n_envs=8: 100 steps/s incl. startup+evals\n"}
,{"stream_name":"stderr","time":1274.417802748,"data":"/usr/local/lib/python3.12/dist-packages/mistune.py:435: SyntaxWarning: invalid escape sequence '\\|'\n"}
,{"stream_name":"stderr","time":1274.41785689,"data":"  cells[i][c] = re.sub('\\\\\\\\\\|', '|', cell)\n"}
,{"stream_name":"stderr","time":1274.775705175,"data":"/usr/local/lib/python3.12/dist-packages/nbconvert/filters/filter_links.py:36: SyntaxWarning: invalid escape sequence '\\_'\n"}
,{"stream_name":"stderr","time":1274.775740246,"data":"  text = re.sub(r'_', '\\_', text) # Escape underscores in display text\n"}
,{"stream_name":"stderr","time":1275.565841111,"data":"[NbConvertApp] Converting notebook __script__.ipynb to html\n"}
,{"stream_name":"stderr","time":1277.472464705,"data":"[NbConvertApp] Writing 278136 bytes to __results__.html\n"}
]