[{"stream_name":"stdout","time":0.799673572,"data":"+ /usr/bin/python3 -m pip install -q vizdoom==1.3.0 gymnasium==1.3.0 transformers==5.17.0 accelerate opencv-python-headless\n"}
,{"stream_name":"stdout","time":5.93639392,"data":"   ━━━━━━━━━━━━━━━━━━━━━━━━━━━━━━━━━━━━━━━━ 38.9/38.9 MB 41.9 MB/s eta 0:00:00\n"}
,{"stream_name":"stdout","time":5.969194616,"data":"   ━━━━━━━━━━━━━━━━━━━━━━━━━━━━━━━━━━━━━━━━ 953.9/953.9 kB 35.9 MB/s eta 0:00:00\n"}
,{"stream_name":"stdout","time":6.078348727,"data":"   ━━━━━━━━━━━━━━━━━━━━━━━━━━━━━━━━━━━━━━━━ 12.3/12.3 MB 107.5 MB/s eta 0:00:00\n"}
,{"stream_name":"stdout","time":6.189464588,"data":"   ━━━━━━━━━━━━━━━━━━━━━━━━━━━━━━━━━━━━━━━━ 12.1/12.1 MB 106.9 MB/s eta 0:00:00\n"}
,{"stream_name":"stdout","time":6.213722325,"data":"   ━━━━━━━━━━━━━━━━━━━━━━━━━━━━━━━━━━━━━━━━ 516.0/516.0 kB 29.1 MB/s eta 0:00:00\n"}
,{"stream_name":"stdout","time":6.255648463,"data":"   ━━━━━━━━━━━━━━━━━━━━━━━━━━━━━━━━━━━━━━━━ 3.4/3.4 MB 96.9 MB/s eta 0:00:00\n"}
,{"stream_name":"stderr","time":21.882369978,"data":"ERROR: pip's dependency resolver does not currently take into account all the packages that are installed. This behaviour is the source of the following dependency conflicts.\n"}
,{"stream_name":"stderr","time":21.8824253,"data":"kaggle-environments 1.29.3 requires gymnasium==1.2.0, but you have gymnasium 1.3.0 which is incompatible.\n"}
,{"stream_name":"stderr","time":21.882429731,"data":"dopamine-rl 4.1.2 requires gym\u003c=0.25.2, but you have gym 0.26.2 which is incompatible.\n"}
,{"stream_name":"stdout","time":22.215871988,"data":"+ /usr/bin/python3 -u scripts/diagnose_teacher.py --out /kaggle/working/diagnose\n"}
,{"stream_name":"stderr","time":48.259166743,"data":"Warning: You are sending unauthenticated requests to the HF Hub. Please set a HF_TOKEN to enable higher rate limits and faster downloads.\n"}
,{"stream_name":"stderr","time":64.231338811,"data":"\rLoading weights:   0%|          | 0/625 [00:00\u003c?, ?it/s]\rLoading weights:   0%|          | 1/625 [00:00\u003c08:13,  1.27it/s]\rLoading weights:  16%|█▋        | 102/625 [00:00\u003c00:03, 154.74it/s]\rLoading weights:  26%|██▌       | 160/625 [00:01\u003c00:02, 168.02it/s]\rLoading weights:  32%|███▏      | 200/625 [00:01\u003c00:02, 183.85it/s]\rLoading weights:  37%|███▋      | 234/625 [00:01\u003c00:02, 179.71it/s]\rLoading weights:  42%|████▏     | 262/625 [00:01\u003c00:01, 185.78it/s]\rLoading weights:  46%|████▌     | 288/625 [00:01\u003c00:01, 190.28it/s]\rLoading weights:  50%|████▉     | 312/625 [00:01\u003c00:01, 197.14it/s]\rLoading weights:  66%|██████▌   | 414/625 [00:02\u003c00:00, 375.23it/s]\rLoading weights:  81%|████████▏ | 508/625 [00:02\u003c00:00, 509.37it/s]\rLoading weights:  96%|█████████▌| 600/625 [00:02\u003c00:00, 547.01it/s]\rLoading weights: 100%|██████████| 625/625 [00:02\u003c00:00, 266.25it/s]\n"}
,{"stream_name":"stdout","time":116.068937374,"data":"fp16 H1 synthetic acc 0.25\n"}
,{"stream_name":"stderr","time":120.685425548,"data":"\rLoading weights:   0%|          | 0/625 [00:00\u003c?, ?it/s]\rLoading weights:   0%|          | 1/625 [00:00\u003c09:16,  1.12it/s]\rLoading weights:  11%|█         | 69/625 [00:01\u003c00:06, 89.91it/s]\rLoading weights:  16%|█▌        | 98/625 [00:01\u003c00:04, 108.31it/s]\rLoading weights:  20%|█▉        | 122/625 [00:01\u003c00:04, 116.26it/s]\rLoading weights:  23%|██▎       | 142/625 [00:01\u003c00:04, 119.99it/s]\rLoading weights:  26%|██▌       | 160/625 [00:01\u003c00:04, 115.92it/s]\rLoading weights:  29%|██▊       | 179/625 [00:01\u003c00:03, 120.12it/s]\rLoading weights:  31%|███       | 194/625 [00:01\u003c00:03, 119.37it/s]\rLoading weights:  34%|███▍      | 212/625 [00:02\u003c00:03, 128.76it/s]\rLoading weights:  36%|███▋      | 227/625 [00:02\u003c00:03, 132.20it/s]\rLoading weights:  39%|███▉      | 245/625 [00:02\u003c00:02, 135.00it/s]\rLoading weights:  42%|████▏     | 260/625 [00:02\u003c00:02, 137.13it/s]\rLoading weights:  44%|████▍     | 277/625 [00:02\u003c00:02, 145.37it/s]\rLoading weights:  47%|████▋     | 293/625 [00:02\u003c00:02, 130.40it/s]\rLoading weights:  52%|█████▏    | 328/625 [00:02\u003c00:01, 182.84it/s]\rLoading weights:  64%|██████▍   | 400/625 [00:02\u003c00:00, 320.61it/s]\rLoading weights:  74%|███████▎  | 460/625 [00:02\u003c00:00, 386.55it/s]\rLoading weights:  87%|████████▋ | 542/625 [00:03\u003c00:00, 502.67it/s]\rLoading weights:  95%|█████████▌| 595/625 [00:03\u003c00:00, 510.21it/s]\rLoading weights: 100%|██████████| 625/625 [00:03\u003c00:00, 186.60it/s]\n"}
,{"stream_name":"stdout","time":186.404114336,"data":"fp32 H1 synthetic acc 1.0\n"}
,{"stream_name":"stderr","time":191.543627438,"data":"/usr/local/lib/python3.12/dist-packages/mistune.py:435: SyntaxWarning: invalid escape sequence '\\|'\n"}
,{"stream_name":"stderr","time":191.543671805,"data":"  cells[i][c] = re.sub('\\\\\\\\\\|', '|', cell)\n"}
,{"stream_name":"stderr","time":191.77561331,"data":"/usr/local/lib/python3.12/dist-packages/nbconvert/filters/filter_links.py:36: SyntaxWarning: invalid escape sequence '\\_'\n"}
,{"stream_name":"stderr","time":191.775644053,"data":"  text = re.sub(r'_', '\\_', text) # Escape underscores in display text\n"}
,{"stream_name":"stderr","time":192.378901328,"data":"[NbConvertApp] Converting notebook __script__.ipynb to html\n"}
,{"stream_name":"stderr","time":193.569635934,"data":"[NbConvertApp] Writing 276680 bytes to __results__.html\n"}
]