[{"stream_name":"stdout","time":0.964176394,"data":"+ /usr/bin/python3 -m pip install -q vizdoom==1.3.0 gymnasium==1.3.0 opencv-python-headless\n"}
,{"stream_name":"stdout","time":6.80828561,"data":"   ━━━━━━━━━━━━━━━━━━━━━━━━━━━━━━━━━━━━━━━━ 38.9/38.9 MB 44.8 MB/s eta 0:00:00\n"}
,{"stream_name":"stdout","time":6.848413724,"data":"   ━━━━━━━━━━━━━━━━━━━━━━━━━━━━━━━━━━━━━━━━ 953.9/953.9 kB 45.1 MB/s eta 0:00:00\n"}
,{"stream_name":"stdout","time":6.986994103,"data":"   ━━━━━━━━━━━━━━━━━━━━━━━━━━━━━━━━━━━━━━━━ 12.1/12.1 MB 95.0 MB/s eta 0:00:00\n"}
,{"stream_name":"stderr","time":11.916054401,"data":"ERROR: pip's dependency resolver does not currently take into account all the packages that are installed. This behaviour is the source of the following dependency conflicts.\n"}
,{"stream_name":"stderr","time":11.916111088,"data":"kaggle-environments 1.29.3 requires gymnasium==1.2.0, but you have gymnasium 1.3.0 which is incompatible.\n"}
,{"stream_name":"stderr","time":11.916116027,"data":"dopamine-rl 4.1.2 requires gym\u003c=0.25.2, but you have gym 0.26.2 which is incompatible.\n"}
,{"stream_name":"stdout","time":12.192264342,"data":"+ nproc; free -g | head -2; python -c 'import torch;print(torch.__version__, torch.get_num_threads())'\n"}
,{"stream_name":"stdout","time":12.203573395,"data":"4\n"}
,{"stream_name":"stdout","time":12.225855698,"data":"               total        used        free      shared  buff/cache   available\n"}
,{"stream_name":"stdout","time":12.225892375,"data":"Mem:              31           0          27           0           3          30\n"}
,{"stream_name":"stdout","time":17.931671694,"data":"2.10.0+cu128 2\n"}
,{"stream_name":"stdout","time":19.995846462,"data":"+ /usr/bin/python3 -u scripts/train.py --method ppo --scenario dtc --steps 60000 --seed 0 --n-envs 8 --device cuda --out /kaggle/working/bench_n8\n"}
,{"stream_name":"stdout","time":44.510023773,"data":"[defend_the_center s0] step         0 eval     0.44 +-0.35 p_T 0.00 sps 0\n"}
,{"stream_name":"stderr","time":46.482752661,"data":"/kaggle/working/repo/reflexrl/rl/ppo.py:274: UserWarning: Converting a tensor with requires_grad=True to a scalar may lead to unexpected behavior.\n"}
,{"stream_name":"stderr","time":46.482838636,"data":"Consider using tensor.detach() first. (Triggered internally at /pytorch/torch/csrc/autograd/generated/python_variable_methods.cpp:836.)\n"}
,{"stream_name":"stderr","time":46.482856374,"data":"  out[\"pg\"] += float(pg) / (cfg.epochs * cfg.minibatches)\n"}
,{"stream_name":"stdout","time":116.657747673,"data":"[defend_the_center s0] step    50,176 eval     2.94 +-0.25 p_T 0.00 sps 640\n"}
,{"stream_name":"stdout","time":141.014834824,"data":"done -\u003e /kaggle/working/bench_n8/defend_the_center/ppo_s0\n"}
,{"stream_name":"stdout","time":142.513445154,"data":"BENCH n_envs=8: 490 steps/s incl. startup+evals\n"}
,{"stream_name":"stdout","time":142.513481579,"data":"+ /usr/bin/python3 -u scripts/train.py --method ppo --scenario dtc --steps 60000 --seed 0 --n-envs 12 --device cuda --out /kaggle/working/bench_n12\n"}
,{"stream_name":"stdout","time":165.392465782,"data":"[defend_the_center s0] step         0 eval     0.44 +-0.35 p_T 0.00 sps 0\n"}
,{"stream_name":"stderr","time":167.372918204,"data":"/kaggle/working/repo/reflexrl/rl/ppo.py:274: UserWarning: Converting a tensor with requires_grad=True to a scalar may lead to unexpected behavior.\n"}
,{"stream_name":"stderr","time":167.372956771,"data":"Consider using tensor.detach() first. (Triggered internally at /pytorch/torch/csrc/autograd/generated/python_variable_methods.cpp:836.)\n"}
,{"stream_name":"stderr","time":167.372983806,"data":"  out[\"pg\"] += float(pg) / (cfg.epochs * cfg.minibatches)\n"}
,{"stream_name":"stdout","time":230.830405276,"data":"[defend_the_center s0] step    50,688 eval     2.62 +-0.33 p_T 0.00 sps 713\n"}
,{"stream_name":"stdout","time":255.496241328,"data":"done -\u003e /kaggle/working/bench_n12/defend_the_center/ppo_s0\n"}
,{"stream_name":"stdout","time":256.692296329,"data":"BENCH n_envs=12: 525 steps/s incl. startup+evals\n"}
,{"stream_name":"stderr","time":259.168035155,"data":"/usr/local/lib/python3.12/dist-packages/mistune.py:435: SyntaxWarning: invalid escape sequence '\\|'\n"}
,{"stream_name":"stderr","time":259.168078319,"data":"  cells[i][c] = re.sub('\\\\\\\\\\|', '|', cell)\n"}
,{"stream_name":"stderr","time":259.493826667,"data":"/usr/local/lib/python3.12/dist-packages/nbconvert/filters/filter_links.py:36: SyntaxWarning: invalid escape sequence '\\_'\n"}
,{"stream_name":"stderr","time":259.49385942,"data":"  text = re.sub(r'_', '\\_', text) # Escape underscores in display text\n"}
,{"stream_name":"stderr","time":260.222658426,"data":"[NbConvertApp] Converting notebook __script__.ipynb to html\n"}
,{"stream_name":"stderr","time":261.732013217,"data":"[NbConvertApp] Writing 278117 bytes to __results__.html\n"}
]