[{"stream_name":"stdout","time":1.027760669,"data":"+ /usr/bin/python3 -m pip install -q vizdoom==1.3.0 gymnasium==1.3.0 opencv-python-headless\n"}
,{"stream_name":"stdout","time":6.403680453,"data":"   ━━━━━━━━━━━━━━━━━━━━━━━━━━━━━━━━━━━━━━━━ 38.9/38.9 MB 22.6 MB/s eta 0:00:00\n"}
,{"stream_name":"stdout","time":6.445777926,"data":"   ━━━━━━━━━━━━━━━━━━━━━━━━━━━━━━━━━━━━━━━━ 953.9/953.9 kB 43.0 MB/s eta 0:00:00\n"}
,{"stream_name":"stdout","time":6.724754942,"data":"   ━━━━━━━━━━━━━━━━━━━━━━━━━━━━━━━━━━━━━━━━ 12.1/12.1 MB 50.1 MB/s eta 0:00:00\n"}
,{"stream_name":"stderr","time":10.949279669,"data":"ERROR: pip's dependency resolver does not currently take into account all the packages that are installed. This behaviour is the source of the following dependency conflicts.\n"}
,{"stream_name":"stderr","time":10.949331145,"data":"kaggle-environments 1.29.3 requires gymnasium==1.2.0, but you have gymnasium 1.3.0 which is incompatible.\n"}
,{"stream_name":"stderr","time":10.949338019,"data":"dopamine-rl 4.1.2 requires gym\u003c=0.25.2, but you have gym 0.26.2 which is incompatible.\n"}
,{"stream_name":"stdout","time":12.219747179,"data":"+ /usr/bin/python3 -u scripts/run_queue.py experiments/configs/plan_kaggle_lane0.json --n-envs 12\n"}
,{"stream_name":"stdout","time":12.305059073,"data":"[1/3] start /kaggle/working/repo/runs/train/defend_the_center/reflexrl_s0\n"}
,{"stream_name":"stdout","time":1666.845785595,"data":"[1/3] ok /kaggle/working/repo/runs/train/defend_the_center/reflexrl_s0 in 27.6 min\n"}
,{"stream_name":"stdout","time":1666.845940489,"data":"[2/3] start /kaggle/working/repo/runs/train/defend_the_center/reflexrl_s1\n"}
,{"stream_name":"stdout","time":3328.557242897,"data":"[2/3] ok /kaggle/working/repo/runs/train/defend_the_center/reflexrl_s1 in 27.7 min\n"}
,{"stream_name":"stdout","time":3328.557603351,"data":"[3/3] start /kaggle/working/repo/runs/train/defend_the_center/reflexrl_s2\n"}
,{"stream_name":"stdout","time":4983.815780636,"data":"[3/3] ok /kaggle/working/repo/runs/train/defend_the_center/reflexrl_s2 in 27.6 min\n"}
,{"stream_name":"stderr","time":4986.089841327,"data":"/usr/local/lib/python3.12/dist-packages/mistune.py:435: SyntaxWarning: invalid escape sequence '\\|'\n"}
,{"stream_name":"stderr","time":4986.089872298,"data":"  cells[i][c] = re.sub('\\\\\\\\\\|', '|', cell)\n"}
,{"stream_name":"stderr","time":4986.402028772,"data":"/usr/local/lib/python3.12/dist-packages/nbconvert/filters/filter_links.py:36: SyntaxWarning: invalid escape sequence '\\_'\n"}
,{"stream_name":"stderr","time":4986.402057923,"data":"  text = re.sub(r'_', '\\_', text) # Escape underscores in display text\n"}
,{"stream_name":"stderr","time":4987.047929489,"data":"[NbConvertApp] Converting notebook __script__.ipynb to html\n"}
,{"stream_name":"stderr","time":4988.35976593,"data":"[NbConvertApp] Writing 281241 bytes to __results__.html\n"}
]