[{"stream_name":"stdout","time":1.996245563,"data":"+ /usr/bin/python3 -m pip install -q vizdoom==1.3.0 gymnasium==1.3.0 transformers==5.17.0 accelerate opencv-python-headless\n"}
,{"stream_name":"stdout","time":10.445235415,"data":"   ━━━━━━━━━━━━━━━━━━━━━━━━━━━━━━━━━━━━━━━━ 38.9/38.9 MB 49.1 MB/s eta 0:00:00\n"}
,{"stream_name":"stdout","time":10.4894552,"data":"   ━━━━━━━━━━━━━━━━━━━━━━━━━━━━━━━━━━━━━━━━ 953.9/953.9 kB 37.5 MB/s eta 0:00:00\n"}
,{"stream_name":"stdout","time":10.635046441,"data":"   ━━━━━━━━━━━━━━━━━━━━━━━━━━━━━━━━━━━━━━━━ 12.3/12.3 MB 88.9 MB/s eta 0:00:00\n"}
,{"stream_name":"stdout","time":10.773283948,"data":"   ━━━━━━━━━━━━━━━━━━━━━━━━━━━━━━━━━━━━━━━━ 12.1/12.1 MB 92.4 MB/s eta 0:00:00\n"}
,{"stream_name":"stdout","time":10.812180719,"data":"   ━━━━━━━━━━━━━━━━━━━━━━━━━━━━━━━━━━━━━━━━ 516.0/516.0 kB 27.3 MB/s eta 0:00:00\n"}
,{"stream_name":"stdout","time":10.8806342,"data":"   ━━━━━━━━━━━━━━━━━━━━━━━━━━━━━━━━━━━━━━━━ 3.4/3.4 MB 66.0 MB/s eta 0:00:00\n"}
,{"stream_name":"stderr","time":28.499886251,"data":"ERROR: pip's dependency resolver does not currently take into account all the packages that are installed. This behaviour is the source of the following dependency conflicts.\n"}
,{"stream_name":"stderr","time":28.499930517,"data":"kaggle-environments 1.29.3 requires gymnasium==1.2.0, but you have gymnasium 1.3.0 which is incompatible.\n"}
,{"stream_name":"stderr","time":28.499938254,"data":"dopamine-rl 4.1.2 requires gym\u003c=0.25.2, but you have gym 0.26.2 which is incompatible.\n"}
,{"stream_name":"stdout","time":28.997987118,"data":"+ nvidia-smi --query-gpu=name,memory.total --format=csv\n"}
,{"stream_name":"stdout","time":29.028361174,"data":"name, memory.total [MiB]\n"}
,{"stream_name":"stdout","time":29.028390637,"data":"Tesla T4, 15360 MiB\n"}
,{"stream_name":"stdout","time":29.028413624,"data":"Tesla T4, 15360 MiB\n"}
,{"stream_name":"stdout","time":29.070163638,"data":"GPUs: 2; lanes: [['dtc', 'dc'], ['hg', 'hgs']]\n"}
,{"stream_name":"stdout","time":14354.549843129,"data":"lane return codes: [0, 0]\n"}
,{"stream_name":"stderr","time":14356.980376374,"data":"/usr/local/lib/python3.12/dist-packages/mistune.py:435: SyntaxWarning: invalid escape sequence '\\|'\n"}
,{"stream_name":"stderr","time":14356.980411486,"data":"  cells[i][c] = re.sub('\\\\\\\\\\|', '|', cell)\n"}
,{"stream_name":"stderr","time":14357.354580306,"data":"/usr/local/lib/python3.12/dist-packages/nbconvert/filters/filter_links.py:36: SyntaxWarning: invalid escape sequence '\\_'\n"}
,{"stream_name":"stderr","time":14357.354623166,"data":"  text = re.sub(r'_', '\\_', text) # Escape underscores in display text\n"}
,{"stream_name":"stderr","time":14358.075425451,"data":"[NbConvertApp] Converting notebook __script__.ipynb to html\n"}
,{"stream_name":"stderr","time":14359.712007951,"data":"[NbConvertApp] Writing 282080 bytes to __results__.html\n"}
]