[{"stream_name":"stdout","time":0.923315744,"data":"+ /usr/bin/python3 -m pip install -q vizdoom==1.3.0 gymnasium==1.3.0 transformers==5.17.0 accelerate opencv-python-headless\n"}
,{"stream_name":"stdout","time":9.858443543,"data":"   ━━━━━━━━━━━━━━━━━━━━━━━━━━━━━━━━━━━━━━━━ 38.9/38.9 MB 5.0 MB/s eta 0:00:00\n"}
,{"stream_name":"stdout","time":9.886609868,"data":"   ━━━━━━━━━━━━━━━━━━━━━━━━━━━━━━━━━━━━━━━━ 953.9/953.9 kB 48.3 MB/s eta 0:00:00\n"}
,{"stream_name":"stdout","time":9.995650896,"data":"   ━━━━━━━━━━━━━━━━━━━━━━━━━━━━━━━━━━━━━━━━ 12.3/12.3 MB 108.4 MB/s eta 0:00:00\n"}
,{"stream_name":"stdout","time":10.161392447,"data":"   ━━━━━━━━━━━━━━━━━━━━━━━━━━━━━━━━━━━━━━━━ 12.1/12.1 MB 69.0 MB/s eta 0:00:00\n"}
,{"stream_name":"stdout","time":10.181923144,"data":"   ━━━━━━━━━━━━━━━━━━━━━━━━━━━━━━━━━━━━━━━━ 516.0/516.0 kB 37.1 MB/s eta 0:00:00\n"}
,{"stream_name":"stdout","time":10.222225109,"data":"   ━━━━━━━━━━━━━━━━━━━━━━━━━━━━━━━━━━━━━━━━ 3.4/3.4 MB 100.6 MB/s eta 0:00:00\n"}
,{"stream_name":"stderr","time":25.945043319,"data":"ERROR: pip's dependency resolver does not currently take into account all the packages that are installed. This behaviour is the source of the following dependency conflicts.\n"}
,{"stream_name":"stderr","time":25.945089821,"data":"kaggle-environments 1.29.3 requires gymnasium==1.2.0, but you have gymnasium 1.3.0 which is incompatible.\n"}
,{"stream_name":"stderr","time":25.945095117,"data":"dopamine-rl 4.1.2 requires gym\u003c=0.25.2, but you have gym 0.26.2 which is incompatible.\n"}
,{"stream_name":"stdout","time":26.243248599,"data":"+ /usr/bin/python3 -u scripts/debias_probe.py --frames 150 --upscale 1 --out /kaggle/working/probe\n"}
,{"stream_name":"stderr","time":54.885075286,"data":"Warning: You are sending unauthenticated requests to the HF Hub. Please set a HF_TOKEN to enable higher rate limits and faster downloads.\n"}
,{"stream_name":"stderr","time":87.783256063,"data":"\rLoading weights:   0%|          | 0/625 [00:00\u003c?, ?it/s]\rLoading weights:   0%|          | 1/625 [00:01\u003c16:09,  1.55s/it]\rLoading weights:  22%|██▏       | 135/625 [00:01\u003c00:04, 113.35it/s]\rLoading weights:  34%|███▍      | 214/625 [00:02\u003c00:03, 116.77it/s]\rLoading weights:  42%|████▏     | 263/625 [00:02\u003c00:02, 122.89it/s]\rLoading weights:  48%|████▊     | 298/625 [00:02\u003c00:02, 126.09it/s]\rLoading weights:  52%|█████▏    | 326/625 [00:03\u003c00:02, 141.04it/s]\rLoading weights:  62%|██████▏   | 388/625 [00:03\u003c00:01, 199.79it/s]\rLoading weights:  72%|███████▏  | 452/625 [00:03\u003c00:00, 267.42it/s]\rLoading weights:  83%|████████▎ | 520/625 [00:03\u003c00:00, 336.41it/s]\rLoading weights:  93%|█████████▎| 582/625 [00:03\u003c00:00, 390.42it/s]\rLoading weights: 100%|██████████| 625/625 [00:03\u003c00:00, 171.67it/s]\n"}
,{"stream_name":"stdout","time":90.899357324,"data":"defend_the_center oracle classes {'left': 25, 'center': 47, 'right': 40, 'none': 38} objects seen {'Blood': 13, 'BulletPuff': 92, 'Demon': 23, 'DoomPlayer': 150, 'MarineChainsawVzd': 104}\n"}
,{"stream_name":"stdout","time":718.056922588,"data":"{\n"}
,{"stream_name":"stdout","time":718.056978181,"data":" \"oracle_counts\": {\n"}
,{"stream_name":"stdout","time":718.056984758,"data":"  \"left\": 25,\n"}
,{"stream_name":"stdout","time":718.0570049,"data":"  \"center\": 47,\n"}
,{"stream_name":"stdout","time":718.057009385,"data":"  \"right\": 40,\n"}
,{"stream_name":"stdout","time":718.057014088,"data":"  \"none\": 38\n"}
,{"stream_name":"stdout","time":718.057018767,"data":" },\n"}
,{"stream_name":"stdout","time":718.057023767,"data":" \"A_original\": {\n"}
,{"stream_name":"stdout","time":718.057028258,"data":"  \"n\": 112,\n"}
,{"stream_name":"stdout","time":718.057032992,"data":"  \"mass_on_correct\": 0.6466247606357294,\n"}
,{"stream_name":"stdout","time":718.057037638,"data":"  \"argmax_in_set\": 0.7767857142857143,\n"}
,{"stream_name":"stdout","time":718.057042332,"data":"  \"uniform_set_rate\": 0.48392857142857143\n"}
,{"stream_name":"stdout","time":718.057047047,"data":" },\n"}
,{"stream_name":"stdout","time":718.057051733,"data":" \"B_permuted\": {\n"}
,{"stream_name":"stdout","time":718.05705641,"data":"  \"n\": 112,\n"}
,{"stream_name":"stdout","time":718.057061185,"data":"  \"mass_on_correct\": 0.6307550112178433,\n"}
,{"stream_name":"stdout","time":718.057065784,"data":"  \"argmax_in_set\": 0.7767857142857143,\n"}
,{"stream_name":"stdout","time":718.057070443,"data":"  \"uniform_set_rate\": 0.48392857142857143\n"}
,{"stream_name":"stdout","time":718.057075155,"data":" },\n"}
,{"stream_name":"stdout","time":718.057079978,"data":" \"C_calibrated\": {\n"}
,{"stream_name":"stdout","time":718.057084649,"data":"  \"n\": 112,\n"}
,{"stream_name":"stdout","time":718.057089449,"data":"  \"mass_on_correct\": 0.6051133359632074,\n"}
,{"stream_name":"stdout","time":718.057094107,"data":"  \"argmax_in_set\": 0.7767857142857143,\n"}
,{"stream_name":"stdout","time":718.057098815,"data":"  \"uniform_set_rate\": 0.48392857142857143\n"}
,{"stream_name":"stdout","time":718.057103508,"data":" },\n"}
,{"stream_name":"stdout","time":718.0571083,"data":" \"D_perception\": {\n"}
,{"stream_name":"stdout","time":718.057112953,"data":"  \"accuracy\": 0.6866666666666666,\n"}
,{"stream_name":"stdout","time":718.057117745,"data":"  \"majority_rate\": 0.31333333333333335,\n"}
,{"stream_name":"stdout","time":718.057122475,"data":"  \"confusion\": {\n"}
,{"stream_name":"stdout","time":718.05712717,"data":"   \"left\": {\n"}
,{"stream_name":"stdout","time":718.057131882,"data":"    \"left\": 6,\n"}
,{"stream_name":"stdout","time":718.05713663,"data":"    \"center\": 14,\n"}
,{"stream_name":"stdout","time":718.057141307,"data":"    \"right\": 2,\n"}
,{"stream_name":"stdout","time":718.057146107,"data":"    \"none\": 3\n"}
,{"stream_name":"stdout","time":718.05715083,"data":"   },\n"}
,{"stream_name":"stdout","time":718.057155535,"data":"   \"center\": {\n"}
,{"stream_name":"stdout","time":718.057160228,"data":"    \"left\": 0,\n"}
,{"stream_name":"stdout","time":718.057164942,"data":"    \"center\": 41,\n"}
,{"stream_name":"stdout","time":718.057169815,"data":"    \"right\": 2,\n"}
,{"stream_name":"stdout","time":718.057174448,"data":"    \"none\": 4\n"}
,{"stream_name":"stdout","time":718.057179113,"data":"   },\n"}
,{"stream_name":"stdout","time":718.05719925,"data":"   \"right\": {\n"}
,{"stream_name":"stdout","time":718.057205913,"data":"    \"left\": 0,\n"}
,{"stream_name":"stdout","time":718.057210483,"data":"    \"center\": 10,\n"}
,{"stream_name":"stdout","time":718.057215188,"data":"    \"right\": 28,\n"}
,{"stream_name":"stdout","time":718.057219904,"data":"    \"none\": 2\n"}
,{"stream_name":"stdout","time":718.05722491,"data":"   },\n"}
,{"stream_name":"stdout","time":718.057229653,"data":"   \"none\": {\n"}
,{"stream_name":"stdout","time":718.057238849,"data":"    \"left\": 0,\n"}
,{"stream_name":"stdout","time":718.057243473,"data":"    \"center\": 10,\n"}
,{"stream_name":"stdout","time":718.057248144,"data":"    \"right\": 0,\n"}
,{"stream_name":"stdout","time":718.057253048,"data":"    \"none\": 28\n"}
,{"stream_name":"stdout","time":718.057257818,"data":"   }\n"}
,{"stream_name":"stdout","time":718.057262543,"data":"  }\n"}
,{"stream_name":"stdout","time":718.057267413,"data":" }\n"}
,{"stream_name":"stdout","time":718.05727183,"data":"}\n"}
,{"stream_name":"stdout","time":719.151298818,"data":"health_gathering oracle classes {'left': 14, 'center': 5, 'right': 35, 'none': 96} objects seen {'Medikit': 126}\n"}
,{"stream_name":"stdout","time":1352.835302958,"data":"{\n"}
,{"stream_name":"stdout","time":1352.835365791,"data":" \"oracle_counts\": {\n"}
,{"stream_name":"stdout","time":1352.835370755,"data":"  \"left\": 14,\n"}
,{"stream_name":"stdout","time":1352.83537405,"data":"  \"center\": 5,\n"}
,{"stream_name":"stdout","time":1352.83537741,"data":"  \"right\": 35,\n"}
,{"stream_name":"stdout","time":1352.835380661,"data":"  \"none\": 96\n"}
,{"stream_name":"stdout","time":1352.835383717,"data":" },\n"}
,{"stream_name":"stdout","time":1352.835386724,"data":" \"A_original\": {\n"}
,{"stream_name":"stdout","time":1352.83538977,"data":"  \"n\": 54,\n"}
,{"stream_name":"stdout","time":1352.835392856,"data":"  \"mass_on_correct\": 0.25016431151716795,\n"}
,{"stream_name":"stdout","time":1352.835395971,"data":"  \"argmax_in_set\": 0.09259259259259259,\n"}
,{"stream_name":"stdout","time":1352.835399002,"data":"  \"uniform_set_rate\": 0.3814814814814813\n"}
,{"stream_name":"stdout","time":1352.835402092,"data":" },\n"}
,{"stream_name":"stdout","time":1352.835405081,"data":" \"B_permuted\": {\n"}
,{"stream_name":"stdout","time":1352.835408099,"data":"  \"n\": 54,\n"}
,{"stream_name":"stdout","time":1352.835411066,"data":"  \"mass_on_correct\": 0.22461769105952786,\n"}
,{"stream_name":"stdout","time":1352.835414136,"data":"  \"argmax_in_set\": 0.09259259259259259,\n"}
,{"stream_name":"stdout","time":1352.835417327,"data":"  \"uniform_set_rate\": 0.3814814814814813\n"}
,{"stream_name":"stdout","time":1352.835420378,"data":" },\n"}
,{"stream_name":"stdout","time":1352.8354233,"data":" \"C_calibrated\": {\n"}
,{"stream_name":"stdout","time":1352.83542633,"data":"  \"n\": 54,\n"}
,{"stream_name":"stdout","time":1352.835429352,"data":"  \"mass_on_correct\": 0.40903874467342677,\n"}
,{"stream_name":"stdout","time":1352.835432358,"data":"  \"argmax_in_set\": 0.5370370370370371,\n"}
,{"stream_name":"stdout","time":1352.835435376,"data":"  \"uniform_set_rate\": 0.3814814814814813\n"}
,{"stream_name":"stdout","time":1352.835438429,"data":" },\n"}
,{"stream_name":"stdout","time":1352.835441364,"data":" \"D_perception\": {\n"}
,{"stream_name":"stdout","time":1352.835444342,"data":"  \"accuracy\": 0.74,\n"}
,{"stream_name":"stdout","time":1352.835447334,"data":"  \"majority_rate\": 0.64,\n"}
,{"stream_name":"stdout","time":1352.835450377,"data":"  \"confusion\": {\n"}
,{"stream_name":"stdout","time":1352.835453457,"data":"   \"left\": {\n"}
,{"stream_name":"stdout","time":1352.835456469,"data":"    \"left\": 1,\n"}
,{"stream_name":"stdout","time":1352.835459457,"data":"    \"center\": 1,\n"}
,{"stream_name":"stdout","time":1352.835462441,"data":"    \"right\": 6,\n"}
,{"stream_name":"stdout","time":1352.835465417,"data":"    \"none\": 6\n"}
,{"stream_name":"stdout","time":1352.835468372,"data":"   },\n"}
,{"stream_name":"stdout","time":1352.835471335,"data":"   \"center\": {\n"}
,{"stream_name":"stdout","time":1352.835487211,"data":"    \"left\": 0,\n"}
,{"stream_name":"stdout","time":1352.835489776,"data":"    \"center\": 2,\n"}
,{"stream_name":"stdout","time":1352.835492042,"data":"    \"right\": 2,\n"}
,{"stream_name":"stdout","time":1352.835494247,"data":"    \"none\": 1\n"}
,{"stream_name":"stdout","time":1352.835496458,"data":"   },\n"}
,{"stream_name":"stdout","time":1352.835498612,"data":"   \"right\": {\n"}
,{"stream_name":"stdout","time":1352.835500855,"data":"    \"left\": 0,\n"}
,{"stream_name":"stdout","time":1352.83550306,"data":"    \"center\": 2,\n"}
,{"stream_name":"stdout","time":1352.835505312,"data":"    \"right\": 33,\n"}
,{"stream_name":"stdout","time":1352.835507546,"data":"    \"none\": 0\n"}
,{"stream_name":"stdout","time":1352.835509756,"data":"   },\n"}
,{"stream_name":"stdout","time":1352.835511914,"data":"   \"none\": {\n"}
,{"stream_name":"stdout","time":1352.835514123,"data":"    \"left\": 0,\n"}
,{"stream_name":"stdout","time":1352.835516329,"data":"    \"center\": 1,\n"}
,{"stream_name":"stdout","time":1352.835518557,"data":"    \"right\": 20,\n"}
,{"stream_name":"stdout","time":1352.835520828,"data":"    \"none\": 75\n"}
,{"stream_name":"stdout","time":1352.83552309,"data":"   }\n"}
,{"stream_name":"stdout","time":1352.835525274,"data":"  }\n"}
,{"stream_name":"stdout","time":1352.835527423,"data":" }\n"}
,{"stream_name":"stdout","time":1352.835529924,"data":"}\n"}
,{"stream_name":"stderr","time":1358.592442332,"data":"/usr/local/lib/python3.12/dist-packages/mistune.py:435: SyntaxWarning: invalid escape sequence '\\|'\n"}
,{"stream_name":"stderr","time":1358.59246678,"data":"  cells[i][c] = re.sub('\\\\\\\\\\|', '|', cell)\n"}
,{"stream_name":"stderr","time":1358.846994225,"data":"/usr/local/lib/python3.12/dist-packages/nbconvert/filters/filter_links.py:36: SyntaxWarning: invalid escape sequence '\\_'\n"}
,{"stream_name":"stderr","time":1358.847023337,"data":"  text = re.sub(r'_', '\\_', text) # Escape underscores in display text\n"}
,{"stream_name":"stderr","time":1359.478448499,"data":"[NbConvertApp] Converting notebook __script__.ipynb to html\n"}
,{"stream_name":"stderr","time":1360.773499621,"data":"[NbConvertApp] Writing 277090 bytes to __results__.html\n"}
]